// Jest Snapshot v1, https://goo.gl/fbAQLP

exports[`Check button it works 1`] = `
<button
  type="button"
>
  Title
</button>
`;
